03/13/2026 01:13:23 PM: INFO: ************  STARTED --- test_homePageTitle ************
03/13/2026 01:13:25 PM: INFO: ********* FINISHED TEST CASE 1 **********
03/13/2026 01:13:27 PM: INFO: ************  STARTED --- test_login ************
03/13/2026 01:13:35 PM: INFO: ********* FINISHED TEST CASE 2 **********
03/13/2026 02:33:57 PM: INFO: ************  STARTED --- test_homePageTitle ************
03/13/2026 02:33:58 PM: INFO: ********* FINISHED TEST CASE 1 **********
03/13/2026 02:33:59 PM: INFO: ************  STARTED --- test_login ************
03/13/2026 02:34:07 PM: INFO: ********* FAILED TEST CASE 2 **********
03/13/2026 02:35:03 PM: INFO: ************  STARTED --- test_homePageTitle ************
03/13/2026 02:35:06 PM: INFO: ********* FINISHED TEST CASE 1 **********
03/13/2026 02:35:13 PM: INFO: ************  STARTED --- test_login ************
03/13/2026 02:35:23 PM: INFO: ********* FAILED TEST CASE 2 **********
03/13/2026 02:36:54 PM: INFO: ************  STARTED --- test_homePageTitle ************
03/13/2026 02:36:57 PM: INFO: ********* FINISHED TEST CASE 1 **********
03/13/2026 02:37:03 PM: INFO: ************  STARTED --- test_login ************
03/13/2026 02:37:16 PM: INFO: ********* FINISHED TEST CASE 2 **********
03/13/2026 02:48:22 PM: INFO: ************  STARTED --- test_login ************
03/13/2026 02:48:22 PM: INFO: ************  STARTED --- test_homePageTitle ************
03/13/2026 02:48:27 PM: INFO: ********* FINISHED TEST CASE 1 **********
03/13/2026 02:48:32 PM: INFO: ********* FAILED TEST CASE 2 **********
03/13/2026 02:49:18 PM: INFO: ************  STARTED --- test_login ************
03/13/2026 02:49:19 PM: INFO: ************  STARTED --- test_homePageTitle ************
03/13/2026 02:49:25 PM: INFO: ********* FINISHED TEST CASE 1 **********
03/13/2026 02:49:30 PM: INFO: ********* FAILED TEST CASE 2 **********
03/13/2026 02:59:41 PM: INFO: ************  STARTED --- test_homePageTitle ************
03/13/2026 02:59:43 PM: INFO: ********* FINISHED TEST CASE 1 **********
03/13/2026 02:59:44 PM: INFO: ************  STARTED --- test_login ************
03/13/2026 02:59:57 PM: INFO: ********* FINISHED TEST CASE 2 **********
03/13/2026 03:08:24 PM: INFO: ************  STARTED --- test_homePageTitle ************
03/13/2026 03:08:26 PM: INFO: ********* FINISHED TEST CASE 1 **********
03/13/2026 03:08:28 PM: INFO: ************  STARTED --- test_login ************
03/13/2026 03:08:37 PM: INFO: ********* FINISHED TEST CASE 2 **********
03/13/2026 03:15:19 PM: INFO: ************  STARTED --- test_homePageTitle ************
03/13/2026 03:15:21 PM: INFO: ********* FINISHED TEST CASE 1 **********
03/13/2026 03:15:22 PM: INFO: ************  STARTED --- test_login ************
03/13/2026 03:15:30 PM: INFO: ********* FINISHED TEST CASE 2 **********
03/14/2026 08:36:47 AM: INFO: ************  STARTED --- test_ddt_login ************
03/14/2026 08:37:22 AM: INFO: ************  STARTED --- test_ddt_login ************
03/14/2026 08:38:53 AM: INFO: ************  STARTED --- test_ddt_login ************
03/14/2026 08:39:01 AM: INFO: **** Failed ****
03/14/2026 08:39:01 AM: INFO: Login DDT test failed
03/14/2026 08:39:23 AM: INFO: ************  STARTED --- test_ddt_login ************
03/14/2026 08:39:31 AM: INFO: **** Failed ****
03/14/2026 08:39:31 AM: INFO: Login DDT test failed
03/14/2026 08:40:06 AM: INFO: ************  STARTED --- test_ddt_login ************
03/14/2026 08:40:15 AM: INFO: **** Failed ****
03/14/2026 08:40:15 AM: INFO: Login DDT test failed
03/14/2026 08:40:52 AM: INFO: ************  STARTED --- test_ddt_login ************
03/14/2026 08:42:27 AM: INFO: ************  STARTED --- test_ddt_login ************
03/14/2026 08:42:53 AM: INFO: ************  STARTED --- test_ddt_login ************
03/14/2026 08:43:17 AM: INFO: END DDT TEST
03/14/2026 08:43:28 AM: INFO: ************  STARTED --- test_ddt_login ************
03/14/2026 08:43:51 AM: INFO: END DDT TEST
03/14/2026 08:44:21 AM: INFO: ************  STARTED --- test_ddt_login ************
03/14/2026 08:44:29 AM: INFO: **** Passed ****
03/14/2026 08:44:39 AM: INFO: ************  STARTED --- test_ddt_login ************
03/14/2026 08:49:30 AM: INFO: ************  STARTED --- test_ddt_login ************
03/14/2026 08:49:37 AM: INFO: **** Failed ****
03/14/2026 08:49:45 AM: INFO: ************  STARTED --- test_ddt_login ************
03/14/2026 08:49:54 AM: INFO: **** Passed ****
03/14/2026 04:29:56 PM: INFO: ************  STARTED --- test_homePageTitle ************
03/14/2026 04:29:57 PM: INFO: ********* FINISHED TEST CASE 1 **********
03/14/2026 04:30:24 PM: INFO: ************  STARTED --- test_homePageTitle ************
03/14/2026 04:30:26 PM: INFO: ********* FINISHED TEST CASE 1 **********
03/14/2026 04:31:15 PM: INFO: ************  STARTED --- test_homePageTitle ************
03/14/2026 04:31:16 PM: INFO: ********* FINISHED TEST CASE 1 **********
03/14/2026 04:31:39 PM: INFO: ************  STARTED --- test_homePageTitle ************
03/14/2026 04:31:41 PM: INFO: ********* FINISHED TEST CASE 1 **********
03/14/2026 04:32:04 PM: INFO: ************  STARTED --- test_homePageTitle ************
03/14/2026 04:32:06 PM: INFO: ********* FINISHED TEST CASE 1 **********
03/14/2026 04:33:27 PM: INFO: ************  STARTED --- test_homePageTitle ************
03/14/2026 04:33:28 PM: INFO: ********* FINISHED TEST CASE 1 **********
03/14/2026 04:35:15 PM: INFO: ************  STARTED --- test_ddt_login ************
03/14/2026 04:35:24 PM: INFO: **** Passed ****
03/14/2026 04:35:26 PM: INFO: ************  STARTED --- test_homePageTitle ************
03/14/2026 04:35:27 PM: INFO: ********* FINISHED TEST CASE 1 **********
03/14/2026 04:35:29 PM: INFO: ************  STARTED --- test_login ************
03/14/2026 04:35:36 PM: INFO: ********* FAILED TEST CASE 2 **********
03/14/2026 04:36:57 PM: INFO: ************  STARTED --- test_homePageTitle ************
03/14/2026 04:36:58 PM: INFO: ********* FINISHED TEST CASE 1 **********
03/14/2026 04:37:02 PM: INFO: ************  STARTED --- test_homePageTitle ************
03/14/2026 04:37:04 PM: INFO: ********* FINISHED TEST CASE 1 **********
03/14/2026 04:37:05 PM: INFO: ************  STARTED --- test_login ************
03/14/2026 04:37:26 PM: INFO: ************  STARTED --- test_homePageTitle ************
03/14/2026 04:37:28 PM: INFO: ********* FINISHED TEST CASE 1 **********
03/14/2026 04:37:37 PM: INFO: ************  STARTED --- test_homePageTitle ************
03/14/2026 04:37:39 PM: INFO: ********* FINISHED TEST CASE 1 **********
03/14/2026 04:37:54 PM: INFO: ************  STARTED --- test_login ************
03/14/2026 04:38:02 PM: INFO: ********* FAILED TEST CASE 2 **********
03/14/2026 06:05:42 PM: INFO: ************  STARTED --- test_homePageTitle ************
03/14/2026 06:05:43 PM: INFO: ********* FINISHED TEST CASE 1 **********
03/14/2026 06:05:57 PM: INFO: ************  STARTED --- test_homePageTitle ************
03/14/2026 06:06:00 PM: INFO: ********* FINISHED TEST CASE 1 **********
